SUM_TURNAROUNDTIME=4019
MEAN_TURNAROUNDTIME=200.95
STDDEV_TURNAROUNDTIME=64.9241673031
MEDIAN_TURNAROUNDTIME=212
MIN_TURNAROUNDTIME=111
MAX_TURNAROUNDTIME=311
SUM_awaitOtherAction=958
MEAN_awaitOtherAction=0.479
STDDEV_awaitOtherAction=1.24802203506
MEDIAN_awaitOtherAction=0
MIN_awaitOtherAction=0
MAX_awaitOtherAction=10
SUM_init=0
MEAN_init=0
STDDEV_init=0.0
MEDIAN_init=0
MIN_init=0
MAX_init=0
SUM_initThread=0
MEAN_initThread=0
STDDEV_initThread=0.0
MEDIAN_initThread=0
MIN_initThread=0
MAX_initThread=0
SUM_sendMyAction=110
MEAN_sendMyAction=0.055
STDDEV_sendMyAction=0.775870478882
MEDIAN_sendMyAction=0
MIN_sendMyAction=0
MAX_sendMyAction=11
SUM_terminated=0
MEAN_terminated=0
STDDEV_terminated=0.0
MEDIAN_terminated=0
MIN_terminated=0
MAX_terminated=0
SUM_timeInJail=2931
MEAN_timeInJail=1.4655
STDDEV_timeInJail=0.909290795071
MEDIAN_timeInJail=1
MIN_timeInJail=0
MAX_timeInJail=3
SUM_TURNAROUNDTIME_thread_0_process_0=212
SUM_awaitOtherAction_thread_0_process_0=0
MEAN_awaitOtherAction_thread_0_process_0=0
STDDEV_awaitOtherAction_thread_0_process_0=0.0
MEDIAN_awaitOtherAction_thread_0_process_0=0
MIN_awaitOtherAction_thread_0_process_0=0
MAX_awaitOtherAction_thread_0_process_0=0
SUM_init_thread_0_process_0=0
MEAN_init_thread_0_process_0=0
STDDEV_init_thread_0_process_0=0.0
MEDIAN_init_thread_0_process_0=0
MIN_init_thread_0_process_0=0
MAX_init_thread_0_process_0=0
SUM_initThread_thread_0_process_0=0
MEAN_initThread_thread_0_process_0=0
STDDEV_initThread_thread_0_process_0=0.0
MEDIAN_initThread_thread_0_process_0=0
MIN_initThread_thread_0_process_0=0
MAX_initThread_thread_0_process_0=0
SUM_sendMyAction_thread_0_process_0=11
MEAN_sendMyAction_thread_0_process_0=0.11
STDDEV_sendMyAction_thread_0_process_0=1.09448618082
MEDIAN_sendMyAction_thread_0_process_0=0
MIN_sendMyAction_thread_0_process_0=0
MAX_sendMyAction_thread_0_process_0=11
SUM_terminated_thread_0_process_0=0
MEAN_terminated_thread_0_process_0=0
STDDEV_terminated_thread_0_process_0=0.0
MEDIAN_terminated_thread_0_process_0=0
MIN_terminated_thread_0_process_0=0
MAX_terminated_thread_0_process_0=0
SUM_timeInJail_thread_0_process_0=200
MEAN_timeInJail_thread_0_process_0=2
STDDEV_timeInJail_thread_0_process_0=0.0
MEDIAN_timeInJail_thread_0_process_0=2
MIN_timeInJail_thread_0_process_0=2
MAX_timeInJail_thread_0_process_0=2
SUM_TURNAROUNDTIME_thread_0_process_1=309
SUM_awaitOtherAction_thread_0_process_1=297
MEAN_awaitOtherAction_thread_0_process_1=2.97
STDDEV_awaitOtherAction_thread_0_process_1=0.298496231132
MEDIAN_awaitOtherAction_thread_0_process_1=3
MIN_awaitOtherAction_thread_0_process_1=0
MAX_awaitOtherAction_thread_0_process_1=3
SUM_init_thread_0_process_1=0
MEAN_init_thread_0_process_1=0
STDDEV_init_thread_0_process_1=0.0
MEDIAN_init_thread_0_process_1=0
MIN_init_thread_0_process_1=0
MAX_init_thread_0_process_1=0
SUM_initThread_thread_0_process_1=0
MEAN_initThread_thread_0_process_1=0
STDDEV_initThread_thread_0_process_1=0.0
MEDIAN_initThread_thread_0_process_1=0
MIN_initThread_thread_0_process_1=0
MAX_initThread_thread_0_process_1=0
SUM_sendMyAction_thread_0_process_1=11
MEAN_sendMyAction_thread_0_process_1=0.11
STDDEV_sendMyAction_thread_0_process_1=1.09448618082
MEDIAN_sendMyAction_thread_0_process_1=0
MIN_sendMyAction_thread_0_process_1=0
MAX_sendMyAction_thread_0_process_1=11
SUM_terminated_thread_0_process_1=0
MEAN_terminated_thread_0_process_1=0
STDDEV_terminated_thread_0_process_1=0.0
MEDIAN_terminated_thread_0_process_1=0
MIN_terminated_thread_0_process_1=0
MAX_terminated_thread_0_process_1=0
SUM_timeInJail_thread_0_process_1=0
MEAN_timeInJail_thread_0_process_1=0
STDDEV_timeInJail_thread_0_process_1=0.0
MEDIAN_timeInJail_thread_0_process_1=0
MIN_timeInJail_thread_0_process_1=0
MAX_timeInJail_thread_0_process_1=0
SUM_TURNAROUNDTIME_thread_0_process_2=259
SUM_awaitOtherAction_thread_0_process_2=147
MEAN_awaitOtherAction_thread_0_process_2=1.47
STDDEV_awaitOtherAction_thread_0_process_2=1.49969996999
MEDIAN_awaitOtherAction_thread_0_process_2=0
MIN_awaitOtherAction_thread_0_process_2=0
MAX_awaitOtherAction_thread_0_process_2=3
SUM_init_thread_0_process_2=0
MEAN_init_thread_0_process_2=0
STDDEV_init_thread_0_process_2=0.0
MEDIAN_init_thread_0_process_2=0
MIN_init_thread_0_process_2=0
MAX_init_thread_0_process_2=0
SUM_initThread_thread_0_process_2=0
MEAN_initThread_thread_0_process_2=0
STDDEV_initThread_thread_0_process_2=0.0
MEDIAN_initThread_thread_0_process_2=0
MIN_initThread_thread_0_process_2=0
MAX_initThread_thread_0_process_2=0
SUM_sendMyAction_thread_0_process_2=11
MEAN_sendMyAction_thread_0_process_2=0.11
STDDEV_sendMyAction_thread_0_process_2=1.09448618082
MEDIAN_sendMyAction_thread_0_process_2=0
MIN_sendMyAction_thread_0_process_2=0
MAX_sendMyAction_thread_0_process_2=11
SUM_terminated_thread_0_process_2=0
MEAN_terminated_thread_0_process_2=0
STDDEV_terminated_thread_0_process_2=0.0
MEDIAN_terminated_thread_0_process_2=0
MIN_terminated_thread_0_process_2=0
MAX_terminated_thread_0_process_2=0
SUM_timeInJail_thread_0_process_2=100
MEAN_timeInJail_thread_0_process_2=1
STDDEV_timeInJail_thread_0_process_2=1.0
MEDIAN_timeInJail_thread_0_process_2=1
MIN_timeInJail_thread_0_process_2=0
MAX_timeInJail_thread_0_process_2=2
SUM_TURNAROUNDTIME_thread_0_process_3=213
SUM_awaitOtherAction_thread_0_process_3=3
MEAN_awaitOtherAction_thread_0_process_3=0.03
STDDEV_awaitOtherAction_thread_0_process_3=0.298496231132
MEDIAN_awaitOtherAction_thread_0_process_3=0
MIN_awaitOtherAction_thread_0_process_3=0
MAX_awaitOtherAction_thread_0_process_3=3
SUM_init_thread_0_process_3=0
MEAN_init_thread_0_process_3=0
STDDEV_init_thread_0_process_3=0.0
MEDIAN_init_thread_0_process_3=0
MIN_init_thread_0_process_3=0
MAX_init_thread_0_process_3=0
SUM_initThread_thread_0_process_3=0
MEAN_initThread_thread_0_process_3=0
STDDEV_initThread_thread_0_process_3=0.0
MEDIAN_initThread_thread_0_process_3=0
MIN_initThread_thread_0_process_3=0
MAX_initThread_thread_0_process_3=0
SUM_sendMyAction_thread_0_process_3=11
MEAN_sendMyAction_thread_0_process_3=0.11
STDDEV_sendMyAction_thread_0_process_3=1.09448618082
MEDIAN_sendMyAction_thread_0_process_3=0
MIN_sendMyAction_thread_0_process_3=0
MAX_sendMyAction_thread_0_process_3=11
SUM_terminated_thread_0_process_3=0
MEAN_terminated_thread_0_process_3=0
STDDEV_terminated_thread_0_process_3=0.0
MEDIAN_terminated_thread_0_process_3=0
MIN_terminated_thread_0_process_3=0
MAX_terminated_thread_0_process_3=0
SUM_timeInJail_thread_0_process_3=198
MEAN_timeInJail_thread_0_process_3=1.98
STDDEV_timeInJail_thread_0_process_3=0.198997487421
MEDIAN_timeInJail_thread_0_process_3=2
MIN_timeInJail_thread_0_process_3=0
MAX_timeInJail_thread_0_process_3=2
SUM_TURNAROUNDTIME_thread_0_process_4=209
SUM_awaitOtherAction_thread_0_process_4=147
MEAN_awaitOtherAction_thread_0_process_4=1.47
STDDEV_awaitOtherAction_thread_0_process_4=1.49969996999
MEDIAN_awaitOtherAction_thread_0_process_4=0
MIN_awaitOtherAction_thread_0_process_4=0
MAX_awaitOtherAction_thread_0_process_4=3
SUM_init_thread_0_process_4=0
MEAN_init_thread_0_process_4=0
STDDEV_init_thread_0_process_4=0.0
MEDIAN_init_thread_0_process_4=0
MIN_init_thread_0_process_4=0
MAX_init_thread_0_process_4=0
SUM_initThread_thread_0_process_4=0
MEAN_initThread_thread_0_process_4=0
STDDEV_initThread_thread_0_process_4=0.0
MEDIAN_initThread_thread_0_process_4=0
MIN_initThread_thread_0_process_4=0
MAX_initThread_thread_0_process_4=0
SUM_sendMyAction_thread_0_process_4=11
MEAN_sendMyAction_thread_0_process_4=0.11
STDDEV_sendMyAction_thread_0_process_4=1.09448618082
MEDIAN_sendMyAction_thread_0_process_4=0
MIN_sendMyAction_thread_0_process_4=0
MAX_sendMyAction_thread_0_process_4=11
SUM_terminated_thread_0_process_4=0
MEAN_terminated_thread_0_process_4=0
STDDEV_terminated_thread_0_process_4=0.0
MEDIAN_terminated_thread_0_process_4=0
MIN_terminated_thread_0_process_4=0
MAX_terminated_thread_0_process_4=0
SUM_timeInJail_thread_0_process_4=50
MEAN_timeInJail_thread_0_process_4=0.5
STDDEV_timeInJail_thread_0_process_4=0.5
MEDIAN_timeInJail_thread_0_process_4=0.5
MIN_timeInJail_thread_0_process_4=0
MAX_timeInJail_thread_0_process_4=1
SUM_TURNAROUNDTIME_thread_0_process_5=112
SUM_awaitOtherAction_thread_0_process_5=0
MEAN_awaitOtherAction_thread_0_process_5=0
STDDEV_awaitOtherAction_thread_0_process_5=0.0
MEDIAN_awaitOtherAction_thread_0_process_5=0
MIN_awaitOtherAction_thread_0_process_5=0
MAX_awaitOtherAction_thread_0_process_5=0
SUM_init_thread_0_process_5=0
MEAN_init_thread_0_process_5=0
STDDEV_init_thread_0_process_5=0.0
MEDIAN_init_thread_0_process_5=0
MIN_init_thread_0_process_5=0
MAX_init_thread_0_process_5=0
SUM_initThread_thread_0_process_5=0
MEAN_initThread_thread_0_process_5=0
STDDEV_initThread_thread_0_process_5=0.0
MEDIAN_initThread_thread_0_process_5=0
MIN_initThread_thread_0_process_5=0
MAX_initThread_thread_0_process_5=0
SUM_sendMyAction_thread_0_process_5=11
MEAN_sendMyAction_thread_0_process_5=0.11
STDDEV_sendMyAction_thread_0_process_5=1.09448618082
MEDIAN_sendMyAction_thread_0_process_5=0
MIN_sendMyAction_thread_0_process_5=0
MAX_sendMyAction_thread_0_process_5=11
SUM_terminated_thread_0_process_5=0
MEAN_terminated_thread_0_process_5=0
STDDEV_terminated_thread_0_process_5=0.0
MEDIAN_terminated_thread_0_process_5=0
MIN_terminated_thread_0_process_5=0
MAX_terminated_thread_0_process_5=0
SUM_timeInJail_thread_0_process_5=100
MEAN_timeInJail_thread_0_process_5=1
STDDEV_timeInJail_thread_0_process_5=0.0
MEDIAN_timeInJail_thread_0_process_5=1
MIN_timeInJail_thread_0_process_5=1
MAX_timeInJail_thread_0_process_5=1
SUM_TURNAROUNDTIME_thread_0_process_6=112
SUM_awaitOtherAction_thread_0_process_6=0
MEAN_awaitOtherAction_thread_0_process_6=0
STDDEV_awaitOtherAction_thread_0_process_6=0.0
MEDIAN_awaitOtherAction_thread_0_process_6=0
MIN_awaitOtherAction_thread_0_process_6=0
MAX_awaitOtherAction_thread_0_process_6=0
SUM_init_thread_0_process_6=0
MEAN_init_thread_0_process_6=0
STDDEV_init_thread_0_process_6=0.0
MEDIAN_init_thread_0_process_6=0
MIN_init_thread_0_process_6=0
MAX_init_thread_0_process_6=0
SUM_initThread_thread_0_process_6=0
MEAN_initThread_thread_0_process_6=0
STDDEV_initThread_thread_0_process_6=0.0
MEDIAN_initThread_thread_0_process_6=0
MIN_initThread_thread_0_process_6=0
MAX_initThread_thread_0_process_6=0
SUM_sendMyAction_thread_0_process_6=11
MEAN_sendMyAction_thread_0_process_6=0.11
STDDEV_sendMyAction_thread_0_process_6=1.09448618082
MEDIAN_sendMyAction_thread_0_process_6=0
MIN_sendMyAction_thread_0_process_6=0
MAX_sendMyAction_thread_0_process_6=11
SUM_terminated_thread_0_process_6=0
MEAN_terminated_thread_0_process_6=0
STDDEV_terminated_thread_0_process_6=0.0
MEDIAN_terminated_thread_0_process_6=0
MIN_terminated_thread_0_process_6=0
MAX_terminated_thread_0_process_6=0
SUM_timeInJail_thread_0_process_6=100
MEAN_timeInJail_thread_0_process_6=1
STDDEV_timeInJail_thread_0_process_6=0.0
MEDIAN_timeInJail_thread_0_process_6=1
MIN_timeInJail_thread_0_process_6=1
MAX_timeInJail_thread_0_process_6=1
SUM_TURNAROUNDTIME_thread_0_process_7=231
SUM_awaitOtherAction_thread_0_process_7=75
MEAN_awaitOtherAction_thread_0_process_7=0.75
STDDEV_awaitOtherAction_thread_0_process_7=1.29903810568
MEDIAN_awaitOtherAction_thread_0_process_7=0
MIN_awaitOtherAction_thread_0_process_7=0
MAX_awaitOtherAction_thread_0_process_7=3
SUM_init_thread_0_process_7=0
MEAN_init_thread_0_process_7=0
STDDEV_init_thread_0_process_7=0.0
MEDIAN_init_thread_0_process_7=0
MIN_init_thread_0_process_7=0
MAX_init_thread_0_process_7=0
SUM_initThread_thread_0_process_7=0
MEAN_initThread_thread_0_process_7=0
STDDEV_initThread_thread_0_process_7=0.0
MEDIAN_initThread_thread_0_process_7=0
MIN_initThread_thread_0_process_7=0
MAX_initThread_thread_0_process_7=0
SUM_sendMyAction_thread_0_process_7=11
MEAN_sendMyAction_thread_0_process_7=0.11
STDDEV_sendMyAction_thread_0_process_7=1.09448618082
MEDIAN_sendMyAction_thread_0_process_7=0
MIN_sendMyAction_thread_0_process_7=0
MAX_sendMyAction_thread_0_process_7=11
SUM_terminated_thread_0_process_7=0
MEAN_terminated_thread_0_process_7=0
STDDEV_terminated_thread_0_process_7=0.0
MEDIAN_terminated_thread_0_process_7=0
MIN_terminated_thread_0_process_7=0
MAX_terminated_thread_0_process_7=0
SUM_timeInJail_thread_0_process_7=144
MEAN_timeInJail_thread_0_process_7=1.44
STDDEV_timeInJail_thread_0_process_7=1.06131993291
MEDIAN_timeInJail_thread_0_process_7=1.5
MIN_timeInJail_thread_0_process_7=0
MAX_timeInJail_thread_0_process_7=3
SUM_TURNAROUNDTIME_thread_0_process_8=241
SUM_awaitOtherAction_thread_0_process_8=66
MEAN_awaitOtherAction_thread_0_process_8=0.66
STDDEV_awaitOtherAction_thread_0_process_8=1.24273891063
MEDIAN_awaitOtherAction_thread_0_process_8=0
MIN_awaitOtherAction_thread_0_process_8=0
MAX_awaitOtherAction_thread_0_process_8=3
SUM_init_thread_0_process_8=0
MEAN_init_thread_0_process_8=0
STDDEV_init_thread_0_process_8=0.0
MEDIAN_init_thread_0_process_8=0
MIN_init_thread_0_process_8=0
MAX_init_thread_0_process_8=0
SUM_initThread_thread_0_process_8=0
MEAN_initThread_thread_0_process_8=0
STDDEV_initThread_thread_0_process_8=0.0
MEDIAN_initThread_thread_0_process_8=0
MIN_initThread_thread_0_process_8=0
MAX_initThread_thread_0_process_8=0
SUM_sendMyAction_thread_0_process_8=11
MEAN_sendMyAction_thread_0_process_8=0.11
STDDEV_sendMyAction_thread_0_process_8=1.09448618082
MEDIAN_sendMyAction_thread_0_process_8=0
MIN_sendMyAction_thread_0_process_8=0
MAX_sendMyAction_thread_0_process_8=11
SUM_terminated_thread_0_process_8=0
MEAN_terminated_thread_0_process_8=0
STDDEV_terminated_thread_0_process_8=0.0
MEDIAN_terminated_thread_0_process_8=0
MIN_terminated_thread_0_process_8=0
MAX_terminated_thread_0_process_8=0
SUM_timeInJail_thread_0_process_8=163
MEAN_timeInJail_thread_0_process_8=1.63
STDDEV_timeInJail_thread_0_process_8=1.05503554442
MEDIAN_timeInJail_thread_0_process_8=2
MIN_timeInJail_thread_0_process_8=0
MAX_timeInJail_thread_0_process_8=3
SUM_TURNAROUNDTIME_thread_0_process_9=112
SUM_awaitOtherAction_thread_0_process_9=0
MEAN_awaitOtherAction_thread_0_process_9=0
STDDEV_awaitOtherAction_thread_0_process_9=0.0
MEDIAN_awaitOtherAction_thread_0_process_9=0
MIN_awaitOtherAction_thread_0_process_9=0
MAX_awaitOtherAction_thread_0_process_9=0
SUM_init_thread_0_process_9=0
MEAN_init_thread_0_process_9=0
STDDEV_init_thread_0_process_9=0.0
MEDIAN_init_thread_0_process_9=0
MIN_init_thread_0_process_9=0
MAX_init_thread_0_process_9=0
SUM_initThread_thread_0_process_9=0
MEAN_initThread_thread_0_process_9=0
STDDEV_initThread_thread_0_process_9=0.0
MEDIAN_initThread_thread_0_process_9=0
MIN_initThread_thread_0_process_9=0
MAX_initThread_thread_0_process_9=0
SUM_sendMyAction_thread_0_process_9=11
MEAN_sendMyAction_thread_0_process_9=0.11
STDDEV_sendMyAction_thread_0_process_9=1.09448618082
MEDIAN_sendMyAction_thread_0_process_9=0
MIN_sendMyAction_thread_0_process_9=0
MAX_sendMyAction_thread_0_process_9=11
SUM_terminated_thread_0_process_9=0
MEAN_terminated_thread_0_process_9=0
STDDEV_terminated_thread_0_process_9=0.0
MEDIAN_terminated_thread_0_process_9=0
MIN_terminated_thread_0_process_9=0
MAX_terminated_thread_0_process_9=0
SUM_timeInJail_thread_0_process_9=100
MEAN_timeInJail_thread_0_process_9=1
STDDEV_timeInJail_thread_0_process_9=0.0
MEDIAN_timeInJail_thread_0_process_9=1
MIN_timeInJail_thread_0_process_9=1
MAX_timeInJail_thread_0_process_9=1
SUM_TURNAROUNDTIME_thread_1_process_0=211
SUM_awaitOtherAction_thread_1_process_0=10
MEAN_awaitOtherAction_thread_1_process_0=0.1
STDDEV_awaitOtherAction_thread_1_process_0=0.994987437107
MEDIAN_awaitOtherAction_thread_1_process_0=0
MIN_awaitOtherAction_thread_1_process_0=0
MAX_awaitOtherAction_thread_1_process_0=10
SUM_init_thread_1_process_0=0
MEAN_init_thread_1_process_0=0
STDDEV_init_thread_1_process_0=0.0
MEDIAN_init_thread_1_process_0=0
MIN_init_thread_1_process_0=0
MAX_init_thread_1_process_0=0
SUM_initThread_thread_1_process_0=0
MEAN_initThread_thread_1_process_0=0
STDDEV_initThread_thread_1_process_0=0.0
MEDIAN_initThread_thread_1_process_0=0
MIN_initThread_thread_1_process_0=0
MAX_initThread_thread_1_process_0=0
SUM_sendMyAction_thread_1_process_0=0
MEAN_sendMyAction_thread_1_process_0=0
STDDEV_sendMyAction_thread_1_process_0=0.0
MEDIAN_sendMyAction_thread_1_process_0=0
MIN_sendMyAction_thread_1_process_0=0
MAX_sendMyAction_thread_1_process_0=0
SUM_terminated_thread_1_process_0=0
MEAN_terminated_thread_1_process_0=0
STDDEV_terminated_thread_1_process_0=0.0
MEDIAN_terminated_thread_1_process_0=0
MIN_terminated_thread_1_process_0=0
MAX_terminated_thread_1_process_0=0
SUM_timeInJail_thread_1_process_0=200
MEAN_timeInJail_thread_1_process_0=2
STDDEV_timeInJail_thread_1_process_0=0.0
MEDIAN_timeInJail_thread_1_process_0=2
MIN_timeInJail_thread_1_process_0=2
MAX_timeInJail_thread_1_process_0=2
SUM_TURNAROUNDTIME_thread_1_process_1=311
SUM_awaitOtherAction_thread_1_process_1=10
MEAN_awaitOtherAction_thread_1_process_1=0.1
STDDEV_awaitOtherAction_thread_1_process_1=0.994987437107
MEDIAN_awaitOtherAction_thread_1_process_1=0
MIN_awaitOtherAction_thread_1_process_1=0
MAX_awaitOtherAction_thread_1_process_1=10
SUM_init_thread_1_process_1=0
MEAN_init_thread_1_process_1=0
STDDEV_init_thread_1_process_1=0.0
MEDIAN_init_thread_1_process_1=0
MIN_init_thread_1_process_1=0
MAX_init_thread_1_process_1=0
SUM_initThread_thread_1_process_1=0
MEAN_initThread_thread_1_process_1=0
STDDEV_initThread_thread_1_process_1=0.0
MEDIAN_initThread_thread_1_process_1=0
MIN_initThread_thread_1_process_1=0
MAX_initThread_thread_1_process_1=0
SUM_sendMyAction_thread_1_process_1=0
MEAN_sendMyAction_thread_1_process_1=0
STDDEV_sendMyAction_thread_1_process_1=0.0
MEDIAN_sendMyAction_thread_1_process_1=0
MIN_sendMyAction_thread_1_process_1=0
MAX_sendMyAction_thread_1_process_1=0
SUM_terminated_thread_1_process_1=0
MEAN_terminated_thread_1_process_1=0
STDDEV_terminated_thread_1_process_1=0.0
MEDIAN_terminated_thread_1_process_1=0
MIN_terminated_thread_1_process_1=0
MAX_terminated_thread_1_process_1=0
SUM_timeInJail_thread_1_process_1=300
MEAN_timeInJail_thread_1_process_1=3
STDDEV_timeInJail_thread_1_process_1=0.0
MEDIAN_timeInJail_thread_1_process_1=3
MIN_timeInJail_thread_1_process_1=3
MAX_timeInJail_thread_1_process_1=3
SUM_TURNAROUNDTIME_thread_1_process_2=261
SUM_awaitOtherAction_thread_1_process_2=10
MEAN_awaitOtherAction_thread_1_process_2=0.1
STDDEV_awaitOtherAction_thread_1_process_2=0.994987437107
MEDIAN_awaitOtherAction_thread_1_process_2=0
MIN_awaitOtherAction_thread_1_process_2=0
MAX_awaitOtherAction_thread_1_process_2=10
SUM_init_thread_1_process_2=0
MEAN_init_thread_1_process_2=0
STDDEV_init_thread_1_process_2=0.0
MEDIAN_init_thread_1_process_2=0
MIN_init_thread_1_process_2=0
MAX_init_thread_1_process_2=0
SUM_initThread_thread_1_process_2=0
MEAN_initThread_thread_1_process_2=0
STDDEV_initThread_thread_1_process_2=0.0
MEDIAN_initThread_thread_1_process_2=0
MIN_initThread_thread_1_process_2=0
MAX_initThread_thread_1_process_2=0
SUM_sendMyAction_thread_1_process_2=0
MEAN_sendMyAction_thread_1_process_2=0
STDDEV_sendMyAction_thread_1_process_2=0.0
MEDIAN_sendMyAction_thread_1_process_2=0
MIN_sendMyAction_thread_1_process_2=0
MAX_sendMyAction_thread_1_process_2=0
SUM_terminated_thread_1_process_2=0
MEAN_terminated_thread_1_process_2=0
STDDEV_terminated_thread_1_process_2=0.0
MEDIAN_terminated_thread_1_process_2=0
MIN_terminated_thread_1_process_2=0
MAX_terminated_thread_1_process_2=0
SUM_timeInJail_thread_1_process_2=250
MEAN_timeInJail_thread_1_process_2=2.5
STDDEV_timeInJail_thread_1_process_2=0.5
MEDIAN_timeInJail_thread_1_process_2=2.5
MIN_timeInJail_thread_1_process_2=2
MAX_timeInJail_thread_1_process_2=3
SUM_TURNAROUNDTIME_thread_1_process_3=212
SUM_awaitOtherAction_thread_1_process_3=10
MEAN_awaitOtherAction_thread_1_process_3=0.1
STDDEV_awaitOtherAction_thread_1_process_3=0.994987437107
MEDIAN_awaitOtherAction_thread_1_process_3=0
MIN_awaitOtherAction_thread_1_process_3=0
MAX_awaitOtherAction_thread_1_process_3=10
SUM_init_thread_1_process_3=0
MEAN_init_thread_1_process_3=0
STDDEV_init_thread_1_process_3=0.0
MEDIAN_init_thread_1_process_3=0
MIN_init_thread_1_process_3=0
MAX_init_thread_1_process_3=0
SUM_initThread_thread_1_process_3=0
MEAN_initThread_thread_1_process_3=0
STDDEV_initThread_thread_1_process_3=0.0
MEDIAN_initThread_thread_1_process_3=0
MIN_initThread_thread_1_process_3=0
MAX_initThread_thread_1_process_3=0
SUM_sendMyAction_thread_1_process_3=0
MEAN_sendMyAction_thread_1_process_3=0
STDDEV_sendMyAction_thread_1_process_3=0.0
MEDIAN_sendMyAction_thread_1_process_3=0
MIN_sendMyAction_thread_1_process_3=0
MAX_sendMyAction_thread_1_process_3=0
SUM_terminated_thread_1_process_3=0
MEAN_terminated_thread_1_process_3=0
STDDEV_terminated_thread_1_process_3=0.0
MEDIAN_terminated_thread_1_process_3=0
MIN_terminated_thread_1_process_3=0
MAX_terminated_thread_1_process_3=0
SUM_timeInJail_thread_1_process_3=201
MEAN_timeInJail_thread_1_process_3=2.01
STDDEV_timeInJail_thread_1_process_3=0.0994987437107
MEDIAN_timeInJail_thread_1_process_3=2
MIN_timeInJail_thread_1_process_3=2
MAX_timeInJail_thread_1_process_3=3
SUM_TURNAROUNDTIME_thread_1_process_4=211
SUM_awaitOtherAction_thread_1_process_4=10
MEAN_awaitOtherAction_thread_1_process_4=0.1
STDDEV_awaitOtherAction_thread_1_process_4=0.994987437107
MEDIAN_awaitOtherAction_thread_1_process_4=0
MIN_awaitOtherAction_thread_1_process_4=0
MAX_awaitOtherAction_thread_1_process_4=10
SUM_init_thread_1_process_4=0
MEAN_init_thread_1_process_4=0
STDDEV_init_thread_1_process_4=0.0
MEDIAN_init_thread_1_process_4=0
MIN_init_thread_1_process_4=0
MAX_init_thread_1_process_4=0
SUM_initThread_thread_1_process_4=0
MEAN_initThread_thread_1_process_4=0
STDDEV_initThread_thread_1_process_4=0.0
MEDIAN_initThread_thread_1_process_4=0
MIN_initThread_thread_1_process_4=0
MAX_initThread_thread_1_process_4=0
SUM_sendMyAction_thread_1_process_4=0
MEAN_sendMyAction_thread_1_process_4=0
STDDEV_sendMyAction_thread_1_process_4=0.0
MEDIAN_sendMyAction_thread_1_process_4=0
MIN_sendMyAction_thread_1_process_4=0
MAX_sendMyAction_thread_1_process_4=0
SUM_terminated_thread_1_process_4=0
MEAN_terminated_thread_1_process_4=0
STDDEV_terminated_thread_1_process_4=0.0
MEDIAN_terminated_thread_1_process_4=0
MIN_terminated_thread_1_process_4=0
MAX_terminated_thread_1_process_4=0
SUM_timeInJail_thread_1_process_4=200
MEAN_timeInJail_thread_1_process_4=2
STDDEV_timeInJail_thread_1_process_4=1.0
MEDIAN_timeInJail_thread_1_process_4=2
MIN_timeInJail_thread_1_process_4=1
MAX_timeInJail_thread_1_process_4=3
SUM_TURNAROUNDTIME_thread_1_process_5=111
SUM_awaitOtherAction_thread_1_process_5=10
MEAN_awaitOtherAction_thread_1_process_5=0.1
STDDEV_awaitOtherAction_thread_1_process_5=0.994987437107
MEDIAN_awaitOtherAction_thread_1_process_5=0
MIN_awaitOtherAction_thread_1_process_5=0
MAX_awaitOtherAction_thread_1_process_5=10
SUM_init_thread_1_process_5=0
MEAN_init_thread_1_process_5=0
STDDEV_init_thread_1_process_5=0.0
MEDIAN_init_thread_1_process_5=0
MIN_init_thread_1_process_5=0
MAX_init_thread_1_process_5=0
SUM_initThread_thread_1_process_5=0
MEAN_initThread_thread_1_process_5=0
STDDEV_initThread_thread_1_process_5=0.0
MEDIAN_initThread_thread_1_process_5=0
MIN_initThread_thread_1_process_5=0
MAX_initThread_thread_1_process_5=0
SUM_sendMyAction_thread_1_process_5=0
MEAN_sendMyAction_thread_1_process_5=0
STDDEV_sendMyAction_thread_1_process_5=0.0
MEDIAN_sendMyAction_thread_1_process_5=0
MIN_sendMyAction_thread_1_process_5=0
MAX_sendMyAction_thread_1_process_5=0
SUM_terminated_thread_1_process_5=0
MEAN_terminated_thread_1_process_5=0
STDDEV_terminated_thread_1_process_5=0.0
MEDIAN_terminated_thread_1_process_5=0
MIN_terminated_thread_1_process_5=0
MAX_terminated_thread_1_process_5=0
SUM_timeInJail_thread_1_process_5=100
MEAN_timeInJail_thread_1_process_5=1
STDDEV_timeInJail_thread_1_process_5=0.0
MEDIAN_timeInJail_thread_1_process_5=1
MIN_timeInJail_thread_1_process_5=1
MAX_timeInJail_thread_1_process_5=1
SUM_TURNAROUNDTIME_thread_1_process_6=111
SUM_awaitOtherAction_thread_1_process_6=10
MEAN_awaitOtherAction_thread_1_process_6=0.1
STDDEV_awaitOtherAction_thread_1_process_6=0.994987437107
MEDIAN_awaitOtherAction_thread_1_process_6=0
MIN_awaitOtherAction_thread_1_process_6=0
MAX_awaitOtherAction_thread_1_process_6=10
SUM_init_thread_1_process_6=0
MEAN_init_thread_1_process_6=0
STDDEV_init_thread_1_process_6=0.0
MEDIAN_init_thread_1_process_6=0
MIN_init_thread_1_process_6=0
MAX_init_thread_1_process_6=0
SUM_initThread_thread_1_process_6=0
MEAN_initThread_thread_1_process_6=0
STDDEV_initThread_thread_1_process_6=0.0
MEDIAN_initThread_thread_1_process_6=0
MIN_initThread_thread_1_process_6=0
MAX_initThread_thread_1_process_6=0
SUM_sendMyAction_thread_1_process_6=0
MEAN_sendMyAction_thread_1_process_6=0
STDDEV_sendMyAction_thread_1_process_6=0.0
MEDIAN_sendMyAction_thread_1_process_6=0
MIN_sendMyAction_thread_1_process_6=0
MAX_sendMyAction_thread_1_process_6=0
SUM_terminated_thread_1_process_6=0
MEAN_terminated_thread_1_process_6=0
STDDEV_terminated_thread_1_process_6=0.0
MEDIAN_terminated_thread_1_process_6=0
MIN_terminated_thread_1_process_6=0
MAX_terminated_thread_1_process_6=0
SUM_timeInJail_thread_1_process_6=100
MEAN_timeInJail_thread_1_process_6=1
STDDEV_timeInJail_thread_1_process_6=0.0
MEDIAN_timeInJail_thread_1_process_6=1
MIN_timeInJail_thread_1_process_6=1
MAX_timeInJail_thread_1_process_6=1
SUM_TURNAROUNDTIME_thread_1_process_7=230
SUM_awaitOtherAction_thread_1_process_7=67
MEAN_awaitOtherAction_thread_1_process_7=0.67
STDDEV_awaitOtherAction_thread_1_process_7=1.50369544789
MEDIAN_awaitOtherAction_thread_1_process_7=0
MIN_awaitOtherAction_thread_1_process_7=0
MAX_awaitOtherAction_thread_1_process_7=10
SUM_init_thread_1_process_7=0
MEAN_init_thread_1_process_7=0
STDDEV_init_thread_1_process_7=0.0
MEDIAN_init_thread_1_process_7=0
MIN_init_thread_1_process_7=0
MAX_init_thread_1_process_7=0
SUM_initThread_thread_1_process_7=0
MEAN_initThread_thread_1_process_7=0
STDDEV_initThread_thread_1_process_7=0.0
MEDIAN_initThread_thread_1_process_7=0
MIN_initThread_thread_1_process_7=0
MAX_initThread_thread_1_process_7=0
SUM_sendMyAction_thread_1_process_7=0
MEAN_sendMyAction_thread_1_process_7=0
STDDEV_sendMyAction_thread_1_process_7=0.0
MEDIAN_sendMyAction_thread_1_process_7=0
MIN_sendMyAction_thread_1_process_7=0
MAX_sendMyAction_thread_1_process_7=0
SUM_terminated_thread_1_process_7=0
MEAN_terminated_thread_1_process_7=0
STDDEV_terminated_thread_1_process_7=0.0
MEDIAN_terminated_thread_1_process_7=0
MIN_terminated_thread_1_process_7=0
MAX_terminated_thread_1_process_7=0
SUM_timeInJail_thread_1_process_7=162
MEAN_timeInJail_thread_1_process_7=1.62
STDDEV_timeInJail_thread_1_process_7=1.05621967412
MEDIAN_timeInJail_thread_1_process_7=2
MIN_timeInJail_thread_1_process_7=0
MAX_timeInJail_thread_1_process_7=3
SUM_TURNAROUNDTIME_thread_1_process_8=240
SUM_awaitOtherAction_thread_1_process_8=76
MEAN_awaitOtherAction_thread_1_process_8=0.76
STDDEV_awaitOtherAction_thread_1_process_8=1.5499677416
MEDIAN_awaitOtherAction_thread_1_process_8=0
MIN_awaitOtherAction_thread_1_process_8=0
MAX_awaitOtherAction_thread_1_process_8=10
SUM_init_thread_1_process_8=0
MEAN_init_thread_1_process_8=0
STDDEV_init_thread_1_process_8=0.0
MEDIAN_init_thread_1_process_8=0
MIN_init_thread_1_process_8=0
MAX_init_thread_1_process_8=0
SUM_initThread_thread_1_process_8=0
MEAN_initThread_thread_1_process_8=0
STDDEV_initThread_thread_1_process_8=0.0
MEDIAN_initThread_thread_1_process_8=0
MIN_initThread_thread_1_process_8=0
MAX_initThread_thread_1_process_8=0
SUM_sendMyAction_thread_1_process_8=0
MEAN_sendMyAction_thread_1_process_8=0
STDDEV_sendMyAction_thread_1_process_8=0.0
MEDIAN_sendMyAction_thread_1_process_8=0
MIN_sendMyAction_thread_1_process_8=0
MAX_sendMyAction_thread_1_process_8=0
SUM_terminated_thread_1_process_8=0
MEAN_terminated_thread_1_process_8=0
STDDEV_terminated_thread_1_process_8=0.0
MEDIAN_terminated_thread_1_process_8=0
MIN_terminated_thread_1_process_8=0
MAX_terminated_thread_1_process_8=0
SUM_timeInJail_thread_1_process_8=163
MEAN_timeInJail_thread_1_process_8=1.63
STDDEV_timeInJail_thread_1_process_8=1.05503554442
MEDIAN_timeInJail_thread_1_process_8=2
MIN_timeInJail_thread_1_process_8=0
MAX_timeInJail_thread_1_process_8=3
SUM_TURNAROUNDTIME_thread_1_process_9=111
SUM_awaitOtherAction_thread_1_process_9=10
MEAN_awaitOtherAction_thread_1_process_9=0.1
STDDEV_awaitOtherAction_thread_1_process_9=0.994987437107
MEDIAN_awaitOtherAction_thread_1_process_9=0
MIN_awaitOtherAction_thread_1_process_9=0
MAX_awaitOtherAction_thread_1_process_9=10
SUM_init_thread_1_process_9=0
MEAN_init_thread_1_process_9=0
STDDEV_init_thread_1_process_9=0.0
MEDIAN_init_thread_1_process_9=0
MIN_init_thread_1_process_9=0
MAX_init_thread_1_process_9=0
SUM_initThread_thread_1_process_9=0
MEAN_initThread_thread_1_process_9=0
STDDEV_initThread_thread_1_process_9=0.0
MEDIAN_initThread_thread_1_process_9=0
MIN_initThread_thread_1_process_9=0
MAX_initThread_thread_1_process_9=0
SUM_sendMyAction_thread_1_process_9=0
MEAN_sendMyAction_thread_1_process_9=0
STDDEV_sendMyAction_thread_1_process_9=0.0
MEDIAN_sendMyAction_thread_1_process_9=0
MIN_sendMyAction_thread_1_process_9=0
MAX_sendMyAction_thread_1_process_9=0
SUM_terminated_thread_1_process_9=0
MEAN_terminated_thread_1_process_9=0
STDDEV_terminated_thread_1_process_9=0.0
MEDIAN_terminated_thread_1_process_9=0
MIN_terminated_thread_1_process_9=0
MAX_terminated_thread_1_process_9=0
SUM_timeInJail_thread_1_process_9=100
MEAN_timeInJail_thread_1_process_9=1
STDDEV_timeInJail_thread_1_process_9=0.0
MEDIAN_timeInJail_thread_1_process_9=1
MIN_timeInJail_thread_1_process_9=1
MAX_timeInJail_thread_1_process_9=1
